╭────────────────────────────────────────────────────────────────────────────╮
│ ⚙ MUNITIONS 450  +3/s                                                      │
│ ─── upgrades ───                                                           │
│ [1] Supply Lines       owned 1    cost 70                                  │
│ [2] Rifle Issue        owned 0    cost 200                                 │
│ [3] Artillery Battery  owned 0    cost 500                                 │
╰────────────────────────────────────────────────────────────────────────────╯
╭────────────────────────────────────────────────────────────────────────────╮
│                                                                            │
│                                                                            │
│                                                                            │
│                                                                            │
│                                                                            │
│ |‾|..................................#.................................|‾| │
│ Line: 0   |   our trench ⟵   ⟶ enemy trench                                │
╰────────────────────────────────────────────────────────────────────────────╯
╭────────────────────────────────────────────────────────────────────────────╮
│ [F] FIRE OFFENSIVE — READY  ██████████████████████████                     │
│ F/space fire   1-3 buy upgrade   q quit                                    │
╰────────────────────────────────────────────────────────────────────────────╯