╭────────────────────────────────────────────────────────────────────────────╮
│ ⚙ MUNITIONS 1.00K  +2/s                                                    │
│ ─── upgrades ───                                                           │
│ [1] Supply Lines       owned 0    cost 50                                  │
│ [2] Rifle Issue        owned 0    cost 200                                 │
│ [3] Artillery Battery  owned 0    cost 500                                 │
╰────────────────────────────────────────────────────────────────────────────╯
╭────────────────────────────────────────────────────────────────────────────╮
│                                                                            │
│                                                                            │
│                                                                            │
│                                                                            │
│                                                                            │
│ |‾|....................................#...............................|‾| │
│ Line: 2   |   our trench ⟵   ⟶ enemy trench                                │
╰────────────────────────────────────────────────────────────────────────────╯
╭────────────────────────────────────────────────────────────────────────────╮
│ [F] Fire Offensive (charging)  ░░░░░░░░░░░░░░░░░░░░░░░░░░                  │
│ F/space fire   1-3 buy upgrade   q quit                                    │
╰────────────────────────────────────────────────────────────────────────────╯